// Jest Snapshot v1, https://goo.gl/fbAQLP

exports[`The ScalingAsgRollingUpdate stack matches the snapshot 1`] = `
{
  "Metadata": {
    "gu:cdk:constructs": [
      "GuVpcParameter",
      "GuSubnetListParameter",
      "GuSubnetListParameter",
      "GuEc2AppExperimental",
      "GuDistributionBucketParameter",
      "GuCertificate",
      "GuInstanceRole",
      "GuSsmSshPolicy",
      "GuDescribeEC2Policy",
      "GuLoggingStreamNameParameter",
      "GuLogShippingPolicy",
      "GuGetDistributablePolicy",
      "GuParameterStoreReadPolicy",
      "GuAmiParameter",
      "GuHttpsEgressSecurityGroup",
      "GuWazuhAccess",
      "GuAutoScalingGroup",
      "GuApplicationLoadBalancer",
      "GuApplicationTargetGroup",
      "GuHttpsApplicationListener",
      "GuCname",
    ],
    "gu:cdk:version": "TEST",
  },
  "Outputs": {
    "LoadBalancerScalingDnsName": {
      "Description": "DNS entry for LoadBalancerScaling",
      "Value": {
        "Fn::GetAtt": [
          "LoadBalancerScaling238A9D29",
          "DNSName",
        ],
      },
    },
  },
  "Parameters": {
    "AMIScaling": {
      "Description": "Amazon Machine Image ID for the app scaling. Use this in conjunction with AMIgo to keep AMIs up to date.",
      "Type": "AWS::EC2::Image::Id",
    },
    "DistributionBucketName": {
      "Default": "/account/services/artifact.bucket",
      "Description": "SSM parameter containing the S3 bucket name holding distribution artifacts",
      "Type": "AWS::SSM::Parameter::Value<String>",
    },
    "LoggingStreamName": {
      "Default": "/account/services/logging.stream.name",
      "Description": "SSM parameter containing the Name (not ARN) on the kinesis stream",
      "Type": "AWS::SSM::Parameter::Value<String>",
    },
    "VpcId": {
      "Default": "/account/vpc/primary/id",
      "Description": "Virtual Private Cloud to run EC2 instances within. Should NOT be the account default VPC.",
      "Type": "AWS::SSM::Parameter::Value<AWS::EC2::VPC::Id>",
    },
    "scalingPrivateSubnets": {
      "Default": "/account/vpc/primary/subnets/private",
      "Description": "A list of private subnets",
      "Type": "AWS::SSM::Parameter::Value<List<AWS::EC2::Subnet::Id>>",
    },
    "scalingPublicSubnets": {
      "Default": "/account/vpc/primary/subnets/public",
      "Description": "A list of public subnets",
      "Type": "AWS::SSM::Parameter::Value<List<AWS::EC2::Subnet::Id>>",
    },
  },
  "Resources": {
    "AsgReplacingUpdatePolicy78CF34D5": {
      "Properties": {
        "PolicyDocument": {
          "Statement": [
            {
              "Action": "cloudformation:SignalResource",
              "Effect": "Allow",
              "Resource": {
                "Ref": "AWS::StackId",
              },
            },
            {
              "Action": "elasticloadbalancing:DescribeTargetHealth",
              "Effect": "Allow",
              "Resource": "*",
            },
          ],
          "Version": "2012-10-17",
        },
        "PolicyName": "AsgReplacingUpdatePolicy78CF34D5",
        "Roles": [
          {
            "Ref": "InstanceRoleScaling7E871D7B",
          },
        ],
      },
      "Type": "AWS::IAM::Policy",
    },
    "AutoScalingGroupScalingASG8AF02C37": {
      "CreationPolicy": {
        "AutoScalingCreationPolicy": {
          "MinSuccessfulInstancesPercent": 100,
        },
        "ResourceSignal": {
          "Count": 3,
          "Timeout": "PT5M",
        },
      },
      "Properties": {
        "HealthCheckGracePeriod": 120,
        "HealthCheckType": "ELB",
        "LaunchTemplate": {
          "LaunchTemplateId": {
            "Ref": "playgroundCODEscaling35DD9CEC",
          },
          "Version": {
            "Fn::GetAtt": [
              "playgroundCODEscaling35DD9CEC",
              "LatestVersionNumber",
            ],
          },
        },
        "MaxSize": "9",
        "MetricsCollection": [
          {
            "Granularity": "1Minute",
          },
        ],
        "MinSize": "3",
        "Tags": [
          {
            "Key": "App",
            "PropagateAtLaunch": true,
            "Value": "scaling",
          },
          {
            "Key": "gu:cdk:version",
            "PropagateAtLaunch": true,
            "Value": "TEST",
          },
          {
            "Key": "gu:repo",
            "PropagateAtLaunch": true,
            "Value": "guardian/testing-asg-rolling-update",
          },
          {
            "Key": "LogKinesisStreamName",
            "PropagateAtLaunch": true,
            "Value": {
              "Ref": "LoggingStreamName",
            },
          },
          {
            "Key": "Stack",
            "PropagateAtLaunch": true,
            "Value": "playground",
          },
          {
            "Key": "Stage",
            "PropagateAtLaunch": true,
            "Value": "CODE",
          },
          {
            "Key": "SystemdUnit",
            "PropagateAtLaunch": true,
            "Value": "testing-asg-rolling-update.service",
          },
        ],
        "TargetGroupARNs": [
          {
            "Ref": "TargetGroupScalingFC90421F",
          },
        ],
        "VPCZoneIdentifier": {
          "Ref": "scalingPrivateSubnets",
        },
      },
      "Type": "AWS::AutoScaling::AutoScalingGroup",
      "UpdatePolicy": {
        "AutoScalingRollingUpdate": {
          "MaxBatchSize": 9,
          "MinInstancesInService": 3,
          "MinSuccessfulInstancesPercent": 100,
          "SuspendProcesses": [],
          "WaitOnResourceSignals": true,
        },
        "AutoScalingScheduledAction": {
          "IgnoreUnmodifiedGroupSizeProperties": true,
        },
      },
    },
    "AutoScalingGroupScalingScalingPolicyScaleOnRequest26CCAA7B": {
      "DependsOn": [
        "ListenerScaling76B5CBA7",
      ],
      "Properties": {
        "AutoScalingGroupName": {
          "Ref": "AutoScalingGroupScalingASG8AF02C37",
        },
        "PolicyType": "TargetTrackingScaling",
        "TargetTrackingConfiguration": {
          "PredefinedMetricSpecification": {
            "PredefinedMetricType": "ALBRequestCountPerTarget",
            "ResourceLabel": {
              "Fn::Join": [
                "",
                [
                  {
                    "Fn::Select": [
                      1,
                      {
                        "Fn::Split": [
                          "/",
                          {
                            "Ref": "ListenerScaling76B5CBA7",
                          },
                        ],
                      },
                    ],
                  },
                  "/",
                  {
                    "Fn::Select": [
                      2,
                      {
                        "Fn::Split": [
                          "/",
                          {
                            "Ref": "ListenerScaling76B5CBA7",
                          },
                        ],
                      },
                    ],
                  },
                  "/",
                  {
                    "Fn::Select": [
                      3,
                      {
                        "Fn::Split": [
                          "/",
                          {
                            "Ref": "ListenerScaling76B5CBA7",
                          },
                        ],
                      },
                    ],
                  },
                  "/",
                  {
                    "Fn::GetAtt": [
                      "TargetGroupScalingFC90421F",
                      "TargetGroupFullName",
                    ],
                  },
                ],
              ],
            },
          },
          "TargetValue": 5,
        },
      },
      "Type": "AWS::AutoScaling::ScalingPolicy",
    },
    "CertificateScaling767DD870": {
      "DeletionPolicy": "Retain",
      "Properties": {
        "DomainName": "scaling.rolling-update.gutools.co.uk",
        "Tags": [
          {
            "Key": "App",
            "Value": "scaling",
          },
          {
            "Key": "gu:cdk:version",
            "Value": "TEST",
          },
          {
            "Key": "gu:repo",
            "Value": "guardian/testing-asg-rolling-update",
          },
          {
            "Key": "Name",
            "Value": "scaling/CertificateScaling",
          },
          {
            "Key": "Stack",
            "Value": "playground",
          },
          {
            "Key": "Stage",
            "Value": "CODE",
          },
        ],
        "ValidationMethod": "DNS",
      },
      "Type": "AWS::CertificateManager::Certificate",
      "UpdateReplacePolicy": "Retain",
    },
    "DNS": {
      "Properties": {
        "Name": "scaling.rolling-update.gutools.co.uk",
        "RecordType": "CNAME",
        "ResourceRecords": [
          {
            "Fn::GetAtt": [
              "LoadBalancerScaling238A9D29",
              "DNSName",
            ],
          },
        ],
        "Stage": "CODE",
        "TTL": 3600,
      },
      "Type": "Guardian::DNS::RecordSet",
    },
    "DescribeEC2PolicyFF5F9295": {
      "Properties": {
        "PolicyDocument": {
          "Statement": [
            {
              "Action": [
                "autoscaling:DescribeAutoScalingInstances",
                "autoscaling:DescribeAutoScalingGroups",
                "ec2:DescribeTags",
                "ec2:DescribeInstances",
              ],
              "Effect": "Allow",
              "Resource": "*",
            },
          ],
          "Version": "2012-10-17",
        },
        "PolicyName": "describe-ec2-policy",
        "Roles": [
          {
            "Ref": "InstanceRoleScaling7E871D7B",
          },
        ],
      },
      "Type": "AWS::IAM::Policy",
    },
    "GetDistributablePolicyScaling534C1B6C": {
      "Properties": {
        "PolicyDocument": {
          "Statement": [
            {
              "Action": "s3:GetObject",
              "Effect": "Allow",
              "Resource": {
                "Fn::Join": [
                  "",
                  [
                    "arn:aws:s3:::",
                    {
                      "Ref": "DistributionBucketName",
                    },
                    "/playground/CODE/scaling/*",
                  ],
                ],
              },
            },
          ],
          "Version": "2012-10-17",
        },
        "PolicyName": "GetDistributablePolicyScaling534C1B6C",
        "Roles": [
          {
            "Ref": "InstanceRoleScaling7E871D7B",
          },
        ],
      },
      "Type": "AWS::IAM::Policy",
    },
    "GuHttpsEgressSecurityGroupScalingCBFE2A86": {
      "Properties": {
        "GroupDescription": "Allow all outbound HTTPS traffic",
        "SecurityGroupEgress": [
          {
            "CidrIp": "0.0.0.0/0",
            "Description": "Allow all outbound HTTPS traffic",
            "FromPort": 443,
            "IpProtocol": "tcp",
            "ToPort": 443,
          },
        ],
        "Tags": [
          {
            "Key": "App",
            "Value": "scaling",
          },
          {
            "Key": "gu:cdk:version",
            "Value": "TEST",
          },
          {
            "Key": "gu:repo",
            "Value": "guardian/testing-asg-rolling-update",
          },
          {
            "Key": "Stack",
            "Value": "playground",
          },
          {
            "Key": "Stage",
            "Value": "CODE",
          },
        ],
        "VpcId": {
          "Ref": "VpcId",
        },
      },
      "Type": "AWS::EC2::SecurityGroup",
    },
    "GuHttpsEgressSecurityGroupScalingfromscalingLoadBalancerScalingSecurityGroup4424C8829000901E6FF1": {
      "Properties": {
        "Description": "Load balancer to target",
        "FromPort": 9000,
        "GroupId": {
          "Fn::GetAtt": [
            "GuHttpsEgressSecurityGroupScalingCBFE2A86",
            "GroupId",
          ],
        },
        "IpProtocol": "tcp",
        "SourceSecurityGroupId": {
          "Fn::GetAtt": [
            "LoadBalancerScalingSecurityGroupFDD05764",
            "GroupId",
          ],
        },
        "ToPort": 9000,
      },
      "Type": "AWS::EC2::SecurityGroupIngress",
    },
    "GuLogShippingPolicy981BFE5A": {
      "Properties": {
        "PolicyDocument": {
          "Statement": [
            {
              "Action": [
                "kinesis:Describe*",
                "kinesis:Put*",
              ],
              "Effect": "Allow",
              "Resource": {
                "Fn::Join": [
                  "",
                  [
                    "arn:aws:kinesis:eu-west-1:",
                    {
                      "Ref": "AWS::AccountId",
                    },
                    ":stream/",
                    {
                      "Ref": "LoggingStreamName",
                    },
                  ],
                ],
              },
            },
          ],
          "Version": "2012-10-17",
        },
        "PolicyName": "GuLogShippingPolicy981BFE5A",
        "Roles": [
          {
            "Ref": "InstanceRoleScaling7E871D7B",
          },
        ],
      },
      "Type": "AWS::IAM::Policy",
    },
    "InstanceRoleScaling7E871D7B": {
      "Properties": {
        "AssumeRolePolicyDocument": {
          "Statement": [
            {
              "Action": "sts:AssumeRole",
              "Effect": "Allow",
              "Principal": {
                "Service": "ec2.amazonaws.com",
              },
            },
          ],
          "Version": "2012-10-17",
        },
        "Path": "/",
        "Tags": [
          {
            "Key": "App",
            "Value": "scaling",
          },
          {
            "Key": "gu:cdk:version",
            "Value": "TEST",
          },
          {
            "Key": "gu:repo",
            "Value": "guardian/testing-asg-rolling-update",
          },
          {
            "Key": "Stack",
            "Value": "playground",
          },
          {
            "Key": "Stage",
            "Value": "CODE",
          },
        ],
      },
      "Type": "AWS::IAM::Role",
    },
    "ListenerScaling76B5CBA7": {
      "Properties": {
        "Certificates": [
          {
            "CertificateArn": {
              "Ref": "CertificateScaling767DD870",
            },
          },
        ],
        "DefaultActions": [
          {
            "TargetGroupArn": {
              "Ref": "TargetGroupScalingFC90421F",
            },
            "Type": "forward",
          },
        ],
        "LoadBalancerArn": {
          "Ref": "LoadBalancerScaling238A9D29",
        },
        "Port": 443,
        "Protocol": "HTTPS",
        "SslPolicy": "ELBSecurityPolicy-TLS13-1-2-2021-06",
      },
      "Type": "AWS::ElasticLoadBalancingV2::Listener",
    },
    "LoadBalancerScaling238A9D29": {
      "Properties": {
        "LoadBalancerAttributes": [
          {
            "Key": "deletion_protection.enabled",
            "Value": "true",
          },
          {
            "Key": "routing.http.x_amzn_tls_version_and_cipher_suite.enabled",
            "Value": "true",
          },
          {
            "Key": "routing.http.drop_invalid_header_fields.enabled",
            "Value": "true",
          },
        ],
        "Scheme": "internet-facing",
        "SecurityGroups": [
          {
            "Fn::GetAtt": [
              "LoadBalancerScalingSecurityGroupFDD05764",
              "GroupId",
            ],
          },
        ],
        "Subnets": {
          "Ref": "scalingPublicSubnets",
        },
        "Tags": [
          {
            "Key": "App",
            "Value": "scaling",
          },
          {
            "Key": "gu:cdk:version",
            "Value": "TEST",
          },
          {
            "Key": "gu:repo",
            "Value": "guardian/testing-asg-rolling-update",
          },
          {
            "Key": "Stack",
            "Value": "playground",
          },
          {
            "Key": "Stage",
            "Value": "CODE",
          },
        ],
        "Type": "application",
      },
      "Type": "AWS::ElasticLoadBalancingV2::LoadBalancer",
    },
    "LoadBalancerScalingSecurityGroupFDD05764": {
      "Properties": {
        "GroupDescription": "Automatically created Security Group for ELB scalingLoadBalancerScaling6CEDBA05",
        "SecurityGroupIngress": [
          {
            "CidrIp": "0.0.0.0/0",
            "Description": "Allow from anyone on port 443",
            "FromPort": 443,
            "IpProtocol": "tcp",
            "ToPort": 443,
          },
        ],
        "Tags": [
          {
            "Key": "App",
            "Value": "scaling",
          },
          {
            "Key": "gu:cdk:version",
            "Value": "TEST",
          },
          {
            "Key": "gu:repo",
            "Value": "guardian/testing-asg-rolling-update",
          },
          {
            "Key": "Stack",
            "Value": "playground",
          },
          {
            "Key": "Stage",
            "Value": "CODE",
          },
        ],
        "VpcId": {
          "Ref": "VpcId",
        },
      },
      "Type": "AWS::EC2::SecurityGroup",
    },
    "LoadBalancerScalingSecurityGrouptoscalingGuHttpsEgressSecurityGroupScaling2296307B9000FC2F995B": {
      "Properties": {
        "Description": "Load balancer to target",
        "DestinationSecurityGroupId": {
          "Fn::GetAtt": [
            "GuHttpsEgressSecurityGroupScalingCBFE2A86",
            "GroupId",
          ],
        },
        "FromPort": 9000,
        "GroupId": {
          "Fn::GetAtt": [
            "LoadBalancerScalingSecurityGroupFDD05764",
            "GroupId",
          ],
        },
        "IpProtocol": "tcp",
        "ToPort": 9000,
      },
      "Type": "AWS::EC2::SecurityGroupEgress",
    },
    "LoadBalancerScalingSecurityGrouptoscalingWazuhSecurityGroup49C1803A9000C8FFAE60": {
      "Properties": {
        "Description": "Load balancer to target",
        "DestinationSecurityGroupId": {
          "Fn::GetAtt": [
            "WazuhSecurityGroup",
            "GroupId",
          ],
        },
        "FromPort": 9000,
        "GroupId": {
          "Fn::GetAtt": [
            "LoadBalancerScalingSecurityGroupFDD05764",
            "GroupId",
          ],
        },
        "IpProtocol": "tcp",
        "ToPort": 9000,
      },
      "Type": "AWS::EC2::SecurityGroupEgress",
    },
    "ParameterStoreReadScaling72F37312": {
      "Properties": {
        "PolicyDocument": {
          "Statement": [
            {
              "Action": "ssm:GetParametersByPath",
              "Effect": "Allow",
              "Resource": {
                "Fn::Join": [
                  "",
                  [
                    "arn:aws:ssm:eu-west-1:",
                    {
                      "Ref": "AWS::AccountId",
                    },
                    ":parameter/CODE/playground/scaling",
                  ],
                ],
              },
            },
            {
              "Action": [
                "ssm:GetParameters",
                "ssm:GetParameter",
              ],
              "Effect": "Allow",
              "Resource": {
                "Fn::Join": [
                  "",
                  [
                    "arn:aws:ssm:eu-west-1:",
                    {
                      "Ref": "AWS::AccountId",
                    },
                    ":parameter/CODE/playground/scaling/*",
                  ],
                ],
              },
            },
          ],
          "Version": "2012-10-17",
        },
        "PolicyName": "parameter-store-read-policy",
        "Roles": [
          {
            "Ref": "InstanceRoleScaling7E871D7B",
          },
        ],
      },
      "Type": "AWS::IAM::Policy",
    },
    "SsmSshPolicy4CFC977E": {
      "Properties": {
        "PolicyDocument": {
          "Statement": [
            {
              "Action": [
                "ec2messages:AcknowledgeMessage",
                "ec2messages:DeleteMessage",
                "ec2messages:FailMessage",
                "ec2messages:GetEndpoint",
                "ec2messages:GetMessages",
                "ec2messages:SendReply",
                "ssm:UpdateInstanceInformation",
                "ssm:ListInstanceAssociations",
                "ssm:DescribeInstanceProperties",
                "ssm:DescribeDocumentParameters",
                "ssmmessages:CreateControlChannel",
                "ssmmessages:CreateDataChannel",
                "ssmmessages:OpenControlChannel",
                "ssmmessages:OpenDataChannel",
              ],
              "Effect": "Allow",
              "Resource": "*",
            },
          ],
          "Version": "2012-10-17",
        },
        "PolicyName": "ssm-ssh-policy",
        "Roles": [
          {
            "Ref": "InstanceRoleScaling7E871D7B",
          },
        ],
      },
      "Type": "AWS::IAM::Policy",
    },
    "TargetGroupScalingFC90421F": {
      "Properties": {
        "HealthCheckIntervalSeconds": 10,
        "HealthCheckPath": "/healthcheck",
        "HealthCheckProtocol": "HTTP",
        "HealthCheckTimeoutSeconds": 5,
        "HealthyThresholdCount": 5,
        "Port": 9000,
        "Protocol": "HTTP",
        "Tags": [
          {
            "Key": "App",
            "Value": "scaling",
          },
          {
            "Key": "gu:cdk:version",
            "Value": "TEST",
          },
          {
            "Key": "gu:repo",
            "Value": "guardian/testing-asg-rolling-update",
          },
          {
            "Key": "Stack",
            "Value": "playground",
          },
          {
            "Key": "Stage",
            "Value": "CODE",
          },
        ],
        "TargetGroupAttributes": [
          {
            "Key": "deregistration_delay.timeout_seconds",
            "Value": "30",
          },
          {
            "Key": "stickiness.enabled",
            "Value": "false",
          },
        ],
        "TargetType": "instance",
        "UnhealthyThresholdCount": 2,
        "VpcId": {
          "Ref": "VpcId",
        },
      },
      "Type": "AWS::ElasticLoadBalancingV2::TargetGroup",
    },
    "WazuhSecurityGroup": {
      "Properties": {
        "GroupDescription": "Allow outbound traffic from wazuh agent to manager",
        "SecurityGroupEgress": [
          {
            "CidrIp": "0.0.0.0/0",
            "Description": "Wazuh event logging",
            "FromPort": 1514,
            "IpProtocol": "tcp",
            "ToPort": 1514,
          },
          {
            "CidrIp": "0.0.0.0/0",
            "Description": "Wazuh agent registration",
            "FromPort": 1515,
            "IpProtocol": "tcp",
            "ToPort": 1515,
          },
        ],
        "Tags": [
          {
            "Key": "App",
            "Value": "scaling",
          },
          {
            "Key": "gu:cdk:version",
            "Value": "TEST",
          },
          {
            "Key": "gu:repo",
            "Value": "guardian/testing-asg-rolling-update",
          },
          {
            "Key": "Stack",
            "Value": "playground",
          },
          {
            "Key": "Stage",
            "Value": "CODE",
          },
        ],
        "VpcId": {
          "Ref": "VpcId",
        },
      },
      "Type": "AWS::EC2::SecurityGroup",
    },
    "WazuhSecurityGroupfromscalingLoadBalancerScalingSecurityGroup4424C882900076CA7F0D": {
      "Properties": {
        "Description": "Load balancer to target",
        "FromPort": 9000,
        "GroupId": {
          "Fn::GetAtt": [
            "WazuhSecurityGroup",
            "GroupId",
          ],
        },
        "IpProtocol": "tcp",
        "SourceSecurityGroupId": {
          "Fn::GetAtt": [
            "LoadBalancerScalingSecurityGroupFDD05764",
            "GroupId",
          ],
        },
        "ToPort": 9000,
      },
      "Type": "AWS::EC2::SecurityGroupIngress",
    },
    "playgroundCODEscaling35DD9CEC": {
      "DependsOn": [
        "InstanceRoleScaling7E871D7B",
      ],
      "Properties": {
        "LaunchTemplateData": {
          "IamInstanceProfile": {
            "Arn": {
              "Fn::GetAtt": [
                "playgroundCODEscalingProfile07CA0927",
                "Arn",
              ],
            },
          },
          "ImageId": {
            "Ref": "AMIScaling",
          },
          "InstanceType": "t4g.micro",
          "MetadataOptions": {
            "HttpTokens": "required",
          },
          "SecurityGroupIds": [
            {
              "Fn::GetAtt": [
                "GuHttpsEgressSecurityGroupScalingCBFE2A86",
                "GroupId",
              ],
            },
            {
              "Fn::GetAtt": [
                "WazuhSecurityGroup",
                "GroupId",
              ],
            },
          ],
          "TagSpecifications": [
            {
              "ResourceType": "instance",
              "Tags": [
                {
                  "Key": "App",
                  "Value": "scaling",
                },
                {
                  "Key": "gu:cdk:version",
                  "Value": "TEST",
                },
                {
                  "Key": "gu:repo",
                  "Value": "guardian/testing-asg-rolling-update",
                },
                {
                  "Key": "Name",
                  "Value": "scaling/playground-CODE-scaling",
                },
                {
                  "Key": "Stack",
                  "Value": "playground",
                },
                {
                  "Key": "Stage",
                  "Value": "CODE",
                },
              ],
            },
            {
              "ResourceType": "volume",
              "Tags": [
                {
                  "Key": "App",
                  "Value": "scaling",
                },
                {
                  "Key": "gu:cdk:version",
                  "Value": "TEST",
                },
                {
                  "Key": "gu:repo",
                  "Value": "guardian/testing-asg-rolling-update",
                },
                {
                  "Key": "Name",
                  "Value": "scaling/playground-CODE-scaling",
                },
                {
                  "Key": "Stack",
                  "Value": "playground",
                },
                {
                  "Key": "Stage",
                  "Value": "CODE",
                },
              ],
            },
          ],
          "UserData": {
            "Fn::Base64": {
              "Fn::Join": [
                "",
                [
                  "#!/bin/bash
function exitTrap(){
exitCode=$?

        cfn-signal --stack ",
                  {
                    "Ref": "AWS::StackId",
                  },
                  "           --resource AutoScalingGroupScalingASG8AF02C37           --region eu-west-1           --exit-code $exitCode || echo 'Failed to send Cloudformation Signal'
        
}
trap exitTrap EXIT
mkdir -p $(dirname '/scaling/testing-asg-rolling-update_ABC.deb')
aws s3 cp 's3://",
                  {
                    "Ref": "DistributionBucketName",
                  },
                  "/playground/CODE/scaling/testing-asg-rolling-update_ABC.deb' '/scaling/testing-asg-rolling-update_ABC.deb'
dpkg -i /scaling/testing-asg-rolling-update_ABC.deb
# GuEc2AppExperimental UserData Start

      INSTANCE_ID=$(ec2metadata --instance-id)

      STATE=$(aws elbv2 describe-target-health         --target-group-arn ",
                  {
                    "Ref": "TargetGroupScalingFC90421F",
                  },
                  "         --region eu-west-1         --targets Id=$INSTANCE_ID,Port=9000         --query "TargetHealthDescriptions[0].TargetHealth.State")

      until [ "$STATE" == "\\"healthy\\"" ]; do
        echo "Instance not yet healthy within target group. Current state $STATE. Sleeping..."
        sleep 5
        STATE=$(aws elbv2 describe-target-health           --target-group-arn ",
                  {
                    "Ref": "TargetGroupScalingFC90421F",
                  },
                  "           --region eu-west-1           --targets Id=$INSTANCE_ID,Port=9000           --query "TargetHealthDescriptions[0].TargetHealth.State")
      done

      echo "Instance is healthy in target group."
      
# GuEc2AppExperimental UserData End",
                ],
              ],
            },
          },
        },
        "TagSpecifications": [
          {
            "ResourceType": "launch-template",
            "Tags": [
              {
                "Key": "App",
                "Value": "scaling",
              },
              {
                "Key": "gu:cdk:version",
                "Value": "TEST",
              },
              {
                "Key": "gu:repo",
                "Value": "guardian/testing-asg-rolling-update",
              },
              {
                "Key": "Name",
                "Value": "scaling/playground-CODE-scaling",
              },
              {
                "Key": "Stack",
                "Value": "playground",
              },
              {
                "Key": "Stage",
                "Value": "CODE",
              },
            ],
          },
        ],
      },
      "Type": "AWS::EC2::LaunchTemplate",
    },
    "playgroundCODEscalingProfile07CA0927": {
      "Properties": {
        "Roles": [
          {
            "Ref": "InstanceRoleScaling7E871D7B",
          },
        ],
      },
      "Type": "AWS::IAM::InstanceProfile",
    },
  },
}
`;
