// Jest Snapshot v1, https://goo.gl/fbAQLP

exports[`The NoDesiredAsgRollingUpdate stack matches the snapshot 1`] = `
{
  "Metadata": {
    "gu:cdk:constructs": [
      "GuVpcParameter",
      "GuSubnetListParameter",
      "GuSubnetListParameter",
      "GuEc2AppExperimental",
      "GuDistributionBucketParameter",
      "GuCertificate",
      "GuInstanceRole",
      "GuSsmSshPolicy",
      "GuDescribeEC2Policy",
      "GuLoggingStreamNameParameter",
      "GuLogShippingPolicy",
      "GuGetDistributablePolicy",
      "GuParameterStoreReadPolicy",
      "GuAmiParameter",
      "GuHttpsEgressSecurityGroup",
      "GuWazuhAccess",
      "GuAutoScalingGroup",
      "GuApplicationLoadBalancer",
      "GuApplicationTargetGroup",
      "GuHttpsApplicationListener",
      "GuCname",
    ],
    "gu:cdk:version": "TEST",
  },
  "Outputs": {
    "LoadBalancerNodesiredDnsName": {
      "Description": "DNS entry for LoadBalancerNodesired",
      "Value": {
        "Fn::GetAtt": [
          "LoadBalancerNodesired2953E6C9",
          "DNSName",
        ],
      },
    },
  },
  "Parameters": {
    "AMINodesired": {
      "Description": "Amazon Machine Image ID for the app no-desired. Use this in conjunction with AMIgo to keep AMIs up to date.",
      "Type": "AWS::EC2::Image::Id",
    },
    "DistributionBucketName": {
      "Default": "/account/services/artifact.bucket",
      "Description": "SSM parameter containing the S3 bucket name holding distribution artifacts",
      "Type": "AWS::SSM::Parameter::Value<String>",
    },
    "LoggingStreamName": {
      "Default": "/account/services/logging.stream.name",
      "Description": "SSM parameter containing the Name (not ARN) on the kinesis stream",
      "Type": "AWS::SSM::Parameter::Value<String>",
    },
    "VpcId": {
      "Default": "/account/vpc/primary/id",
      "Description": "Virtual Private Cloud to run EC2 instances within. Should NOT be the account default VPC.",
      "Type": "AWS::SSM::Parameter::Value<AWS::EC2::VPC::Id>",
    },
    "nodesiredPrivateSubnets": {
      "Default": "/account/vpc/primary/subnets/private",
      "Description": "A list of private subnets",
      "Type": "AWS::SSM::Parameter::Value<List<AWS::EC2::Subnet::Id>>",
    },
    "nodesiredPublicSubnets": {
      "Default": "/account/vpc/primary/subnets/public",
      "Description": "A list of public subnets",
      "Type": "AWS::SSM::Parameter::Value<List<AWS::EC2::Subnet::Id>>",
    },
  },
  "Resources": {
    "AsgReplacingUpdatePolicy78CF34D5": {
      "Properties": {
        "PolicyDocument": {
          "Statement": [
            {
              "Action": "cloudformation:SignalResource",
              "Effect": "Allow",
              "Resource": {
                "Ref": "AWS::StackId",
              },
            },
            {
              "Action": "elasticloadbalancing:DescribeTargetHealth",
              "Effect": "Allow",
              "Resource": "*",
            },
          ],
          "Version": "2012-10-17",
        },
        "PolicyName": "AsgReplacingUpdatePolicy78CF34D5",
        "Roles": [
          {
            "Ref": "InstanceRoleNodesired2CBB5C37",
          },
        ],
      },
      "Type": "AWS::IAM::Policy",
    },
    "AutoScalingGroupNodesiredASG5E3ACDE4": {
      "CreationPolicy": {
        "AutoScalingCreationPolicy": {
          "MinSuccessfulInstancesPercent": 100,
        },
        "ResourceSignal": {
          "Count": 5,
          "Timeout": "PT5M",
        },
      },
      "Properties": {
        "HealthCheckGracePeriod": 120,
        "HealthCheckType": "ELB",
        "LaunchTemplate": {
          "LaunchTemplateId": {
            "Ref": "playgroundCODEnodesired455E3ED0",
          },
          "Version": {
            "Fn::GetAtt": [
              "playgroundCODEnodesired455E3ED0",
              "LatestVersionNumber",
            ],
          },
        },
        "MaxSize": "10",
        "MetricsCollection": [
          {
            "Granularity": "1Minute",
          },
        ],
        "MinSize": "5",
        "Tags": [
          {
            "Key": "App",
            "PropagateAtLaunch": true,
            "Value": "no-desired",
          },
          {
            "Key": "gu:cdk:version",
            "PropagateAtLaunch": true,
            "Value": "TEST",
          },
          {
            "Key": "gu:repo",
            "PropagateAtLaunch": true,
            "Value": "guardian/testing-asg-rolling-update",
          },
          {
            "Key": "LogKinesisStreamName",
            "PropagateAtLaunch": true,
            "Value": {
              "Ref": "LoggingStreamName",
            },
          },
          {
            "Key": "Stack",
            "PropagateAtLaunch": true,
            "Value": "playground",
          },
          {
            "Key": "Stage",
            "PropagateAtLaunch": true,
            "Value": "CODE",
          },
          {
            "Key": "SystemdUnit",
            "PropagateAtLaunch": true,
            "Value": "no-desired.service",
          },
        ],
        "TargetGroupARNs": [
          {
            "Ref": "TargetGroupNodesiredE8E894D4",
          },
        ],
        "VPCZoneIdentifier": {
          "Ref": "nodesiredPrivateSubnets",
        },
      },
      "Type": "AWS::AutoScaling::AutoScalingGroup",
      "UpdatePolicy": {
        "AutoScalingRollingUpdate": {
          "MaxBatchSize": 10,
          "MinInstancesInService": 5,
          "MinSuccessfulInstancesPercent": 100,
          "SuspendProcesses": [],
          "WaitOnResourceSignals": true,
        },
        "AutoScalingScheduledAction": {
          "IgnoreUnmodifiedGroupSizeProperties": true,
        },
      },
    },
    "CertificateNodesired85B8DCFE": {
      "DeletionPolicy": "Retain",
      "Properties": {
        "DomainName": "no-desired.rolling-update.gutools.co.uk",
        "Tags": [
          {
            "Key": "App",
            "Value": "no-desired",
          },
          {
            "Key": "gu:cdk:version",
            "Value": "TEST",
          },
          {
            "Key": "gu:repo",
            "Value": "guardian/testing-asg-rolling-update",
          },
          {
            "Key": "Name",
            "Value": "no-desired/CertificateNodesired",
          },
          {
            "Key": "Stack",
            "Value": "playground",
          },
          {
            "Key": "Stage",
            "Value": "CODE",
          },
        ],
        "ValidationMethod": "DNS",
      },
      "Type": "AWS::CertificateManager::Certificate",
      "UpdateReplacePolicy": "Retain",
    },
    "DNS": {
      "Properties": {
        "Name": "no-desired.rolling-update.gutools.co.uk",
        "RecordType": "CNAME",
        "ResourceRecords": [
          {
            "Fn::GetAtt": [
              "LoadBalancerNodesired2953E6C9",
              "DNSName",
            ],
          },
        ],
        "Stage": "CODE",
        "TTL": 3600,
      },
      "Type": "Guardian::DNS::RecordSet",
    },
    "DescribeEC2PolicyFF5F9295": {
      "Properties": {
        "PolicyDocument": {
          "Statement": [
            {
              "Action": [
                "autoscaling:DescribeAutoScalingInstances",
                "autoscaling:DescribeAutoScalingGroups",
                "ec2:DescribeTags",
                "ec2:DescribeInstances",
              ],
              "Effect": "Allow",
              "Resource": "*",
            },
          ],
          "Version": "2012-10-17",
        },
        "PolicyName": "describe-ec2-policy",
        "Roles": [
          {
            "Ref": "InstanceRoleNodesired2CBB5C37",
          },
        ],
      },
      "Type": "AWS::IAM::Policy",
    },
    "GetDistributablePolicyNodesiredE9DFCC45": {
      "Properties": {
        "PolicyDocument": {
          "Statement": [
            {
              "Action": "s3:GetObject",
              "Effect": "Allow",
              "Resource": {
                "Fn::Join": [
                  "",
                  [
                    "arn:aws:s3:::",
                    {
                      "Ref": "DistributionBucketName",
                    },
                    "/playground/CODE/no-desired/*",
                  ],
                ],
              },
            },
          ],
          "Version": "2012-10-17",
        },
        "PolicyName": "GetDistributablePolicyNodesiredE9DFCC45",
        "Roles": [
          {
            "Ref": "InstanceRoleNodesired2CBB5C37",
          },
        ],
      },
      "Type": "AWS::IAM::Policy",
    },
    "GuHttpsEgressSecurityGroupNodesired0D83B152": {
      "Properties": {
        "GroupDescription": "Allow all outbound HTTPS traffic",
        "SecurityGroupEgress": [
          {
            "CidrIp": "0.0.0.0/0",
            "Description": "Allow all outbound HTTPS traffic",
            "FromPort": 443,
            "IpProtocol": "tcp",
            "ToPort": 443,
          },
        ],
        "Tags": [
          {
            "Key": "App",
            "Value": "no-desired",
          },
          {
            "Key": "gu:cdk:version",
            "Value": "TEST",
          },
          {
            "Key": "gu:repo",
            "Value": "guardian/testing-asg-rolling-update",
          },
          {
            "Key": "Stack",
            "Value": "playground",
          },
          {
            "Key": "Stage",
            "Value": "CODE",
          },
        ],
        "VpcId": {
          "Ref": "VpcId",
        },
      },
      "Type": "AWS::EC2::SecurityGroup",
    },
    "GuHttpsEgressSecurityGroupNodesiredfromnodesiredLoadBalancerNodesiredSecurityGroupB202BB8C90000A94C735": {
      "Properties": {
        "Description": "Load balancer to target",
        "FromPort": 9000,
        "GroupId": {
          "Fn::GetAtt": [
            "GuHttpsEgressSecurityGroupNodesired0D83B152",
            "GroupId",
          ],
        },
        "IpProtocol": "tcp",
        "SourceSecurityGroupId": {
          "Fn::GetAtt": [
            "LoadBalancerNodesiredSecurityGroup457D2C95",
            "GroupId",
          ],
        },
        "ToPort": 9000,
      },
      "Type": "AWS::EC2::SecurityGroupIngress",
    },
    "GuLogShippingPolicy981BFE5A": {
      "Properties": {
        "PolicyDocument": {
          "Statement": [
            {
              "Action": [
                "kinesis:Describe*",
                "kinesis:Put*",
              ],
              "Effect": "Allow",
              "Resource": {
                "Fn::Join": [
                  "",
                  [
                    "arn:aws:kinesis:eu-west-1:",
                    {
                      "Ref": "AWS::AccountId",
                    },
                    ":stream/",
                    {
                      "Ref": "LoggingStreamName",
                    },
                  ],
                ],
              },
            },
          ],
          "Version": "2012-10-17",
        },
        "PolicyName": "GuLogShippingPolicy981BFE5A",
        "Roles": [
          {
            "Ref": "InstanceRoleNodesired2CBB5C37",
          },
        ],
      },
      "Type": "AWS::IAM::Policy",
    },
    "InstanceRoleNodesired2CBB5C37": {
      "Properties": {
        "AssumeRolePolicyDocument": {
          "Statement": [
            {
              "Action": "sts:AssumeRole",
              "Effect": "Allow",
              "Principal": {
                "Service": "ec2.amazonaws.com",
              },
            },
          ],
          "Version": "2012-10-17",
        },
        "Path": "/",
        "Tags": [
          {
            "Key": "App",
            "Value": "no-desired",
          },
          {
            "Key": "gu:cdk:version",
            "Value": "TEST",
          },
          {
            "Key": "gu:repo",
            "Value": "guardian/testing-asg-rolling-update",
          },
          {
            "Key": "Stack",
            "Value": "playground",
          },
          {
            "Key": "Stage",
            "Value": "CODE",
          },
        ],
      },
      "Type": "AWS::IAM::Role",
    },
    "ListenerNodesired3006D20C": {
      "Properties": {
        "Certificates": [
          {
            "CertificateArn": {
              "Ref": "CertificateNodesired85B8DCFE",
            },
          },
        ],
        "DefaultActions": [
          {
            "TargetGroupArn": {
              "Ref": "TargetGroupNodesiredE8E894D4",
            },
            "Type": "forward",
          },
        ],
        "LoadBalancerArn": {
          "Ref": "LoadBalancerNodesired2953E6C9",
        },
        "Port": 443,
        "Protocol": "HTTPS",
        "SslPolicy": "ELBSecurityPolicy-TLS13-1-2-2021-06",
      },
      "Type": "AWS::ElasticLoadBalancingV2::Listener",
    },
    "LoadBalancerNodesired2953E6C9": {
      "Properties": {
        "LoadBalancerAttributes": [
          {
            "Key": "deletion_protection.enabled",
            "Value": "true",
          },
          {
            "Key": "routing.http.x_amzn_tls_version_and_cipher_suite.enabled",
            "Value": "true",
          },
          {
            "Key": "routing.http.drop_invalid_header_fields.enabled",
            "Value": "true",
          },
        ],
        "Scheme": "internet-facing",
        "SecurityGroups": [
          {
            "Fn::GetAtt": [
              "LoadBalancerNodesiredSecurityGroup457D2C95",
              "GroupId",
            ],
          },
        ],
        "Subnets": {
          "Ref": "nodesiredPublicSubnets",
        },
        "Tags": [
          {
            "Key": "App",
            "Value": "no-desired",
          },
          {
            "Key": "gu:cdk:version",
            "Value": "TEST",
          },
          {
            "Key": "gu:repo",
            "Value": "guardian/testing-asg-rolling-update",
          },
          {
            "Key": "Stack",
            "Value": "playground",
          },
          {
            "Key": "Stage",
            "Value": "CODE",
          },
        ],
        "Type": "application",
      },
      "Type": "AWS::ElasticLoadBalancingV2::LoadBalancer",
    },
    "LoadBalancerNodesiredSecurityGroup457D2C95": {
      "Properties": {
        "GroupDescription": "Automatically created Security Group for ELB nodesiredLoadBalancerNodesired2300975F",
        "SecurityGroupIngress": [
          {
            "CidrIp": "0.0.0.0/0",
            "Description": "Allow from anyone on port 443",
            "FromPort": 443,
            "IpProtocol": "tcp",
            "ToPort": 443,
          },
        ],
        "Tags": [
          {
            "Key": "App",
            "Value": "no-desired",
          },
          {
            "Key": "gu:cdk:version",
            "Value": "TEST",
          },
          {
            "Key": "gu:repo",
            "Value": "guardian/testing-asg-rolling-update",
          },
          {
            "Key": "Stack",
            "Value": "playground",
          },
          {
            "Key": "Stage",
            "Value": "CODE",
          },
        ],
        "VpcId": {
          "Ref": "VpcId",
        },
      },
      "Type": "AWS::EC2::SecurityGroup",
    },
    "LoadBalancerNodesiredSecurityGrouptonodesiredGuHttpsEgressSecurityGroupNodesired940AF3229000D7BC452F": {
      "Properties": {
        "Description": "Load balancer to target",
        "DestinationSecurityGroupId": {
          "Fn::GetAtt": [
            "GuHttpsEgressSecurityGroupNodesired0D83B152",
            "GroupId",
          ],
        },
        "FromPort": 9000,
        "GroupId": {
          "Fn::GetAtt": [
            "LoadBalancerNodesiredSecurityGroup457D2C95",
            "GroupId",
          ],
        },
        "IpProtocol": "tcp",
        "ToPort": 9000,
      },
      "Type": "AWS::EC2::SecurityGroupEgress",
    },
    "LoadBalancerNodesiredSecurityGrouptonodesiredWazuhSecurityGroupFA000FA390008F1BAE37": {
      "Properties": {
        "Description": "Load balancer to target",
        "DestinationSecurityGroupId": {
          "Fn::GetAtt": [
            "WazuhSecurityGroup",
            "GroupId",
          ],
        },
        "FromPort": 9000,
        "GroupId": {
          "Fn::GetAtt": [
            "LoadBalancerNodesiredSecurityGroup457D2C95",
            "GroupId",
          ],
        },
        "IpProtocol": "tcp",
        "ToPort": 9000,
      },
      "Type": "AWS::EC2::SecurityGroupEgress",
    },
    "ParameterStoreReadNodesired46727A89": {
      "Properties": {
        "PolicyDocument": {
          "Statement": [
            {
              "Action": "ssm:GetParametersByPath",
              "Effect": "Allow",
              "Resource": {
                "Fn::Join": [
                  "",
                  [
                    "arn:aws:ssm:eu-west-1:",
                    {
                      "Ref": "AWS::AccountId",
                    },
                    ":parameter/CODE/playground/no-desired",
                  ],
                ],
              },
            },
            {
              "Action": [
                "ssm:GetParameters",
                "ssm:GetParameter",
              ],
              "Effect": "Allow",
              "Resource": {
                "Fn::Join": [
                  "",
                  [
                    "arn:aws:ssm:eu-west-1:",
                    {
                      "Ref": "AWS::AccountId",
                    },
                    ":parameter/CODE/playground/no-desired/*",
                  ],
                ],
              },
            },
          ],
          "Version": "2012-10-17",
        },
        "PolicyName": "parameter-store-read-policy",
        "Roles": [
          {
            "Ref": "InstanceRoleNodesired2CBB5C37",
          },
        ],
      },
      "Type": "AWS::IAM::Policy",
    },
    "SsmSshPolicy4CFC977E": {
      "Properties": {
        "PolicyDocument": {
          "Statement": [
            {
              "Action": [
                "ec2messages:AcknowledgeMessage",
                "ec2messages:DeleteMessage",
                "ec2messages:FailMessage",
                "ec2messages:GetEndpoint",
                "ec2messages:GetMessages",
                "ec2messages:SendReply",
                "ssm:UpdateInstanceInformation",
                "ssm:ListInstanceAssociations",
                "ssm:DescribeInstanceProperties",
                "ssm:DescribeDocumentParameters",
                "ssmmessages:CreateControlChannel",
                "ssmmessages:CreateDataChannel",
                "ssmmessages:OpenControlChannel",
                "ssmmessages:OpenDataChannel",
              ],
              "Effect": "Allow",
              "Resource": "*",
            },
          ],
          "Version": "2012-10-17",
        },
        "PolicyName": "ssm-ssh-policy",
        "Roles": [
          {
            "Ref": "InstanceRoleNodesired2CBB5C37",
          },
        ],
      },
      "Type": "AWS::IAM::Policy",
    },
    "TargetGroupNodesiredE8E894D4": {
      "Properties": {
        "HealthCheckIntervalSeconds": 10,
        "HealthCheckPath": "/healthcheck",
        "HealthCheckProtocol": "HTTP",
        "HealthCheckTimeoutSeconds": 5,
        "HealthyThresholdCount": 5,
        "Port": 9000,
        "Protocol": "HTTP",
        "Tags": [
          {
            "Key": "App",
            "Value": "no-desired",
          },
          {
            "Key": "gu:cdk:version",
            "Value": "TEST",
          },
          {
            "Key": "gu:repo",
            "Value": "guardian/testing-asg-rolling-update",
          },
          {
            "Key": "Stack",
            "Value": "playground",
          },
          {
            "Key": "Stage",
            "Value": "CODE",
          },
        ],
        "TargetGroupAttributes": [
          {
            "Key": "deregistration_delay.timeout_seconds",
            "Value": "30",
          },
          {
            "Key": "stickiness.enabled",
            "Value": "false",
          },
        ],
        "TargetType": "instance",
        "UnhealthyThresholdCount": 2,
        "VpcId": {
          "Ref": "VpcId",
        },
      },
      "Type": "AWS::ElasticLoadBalancingV2::TargetGroup",
    },
    "WazuhSecurityGroup": {
      "Properties": {
        "GroupDescription": "Allow outbound traffic from wazuh agent to manager",
        "SecurityGroupEgress": [
          {
            "CidrIp": "0.0.0.0/0",
            "Description": "Wazuh event logging",
            "FromPort": 1514,
            "IpProtocol": "tcp",
            "ToPort": 1514,
          },
          {
            "CidrIp": "0.0.0.0/0",
            "Description": "Wazuh agent registration",
            "FromPort": 1515,
            "IpProtocol": "tcp",
            "ToPort": 1515,
          },
        ],
        "Tags": [
          {
            "Key": "App",
            "Value": "no-desired",
          },
          {
            "Key": "gu:cdk:version",
            "Value": "TEST",
          },
          {
            "Key": "gu:repo",
            "Value": "guardian/testing-asg-rolling-update",
          },
          {
            "Key": "Stack",
            "Value": "playground",
          },
          {
            "Key": "Stage",
            "Value": "CODE",
          },
        ],
        "VpcId": {
          "Ref": "VpcId",
        },
      },
      "Type": "AWS::EC2::SecurityGroup",
    },
    "WazuhSecurityGroupfromnodesiredLoadBalancerNodesiredSecurityGroupB202BB8C9000A8A4EBFF": {
      "Properties": {
        "Description": "Load balancer to target",
        "FromPort": 9000,
        "GroupId": {
          "Fn::GetAtt": [
            "WazuhSecurityGroup",
            "GroupId",
          ],
        },
        "IpProtocol": "tcp",
        "SourceSecurityGroupId": {
          "Fn::GetAtt": [
            "LoadBalancerNodesiredSecurityGroup457D2C95",
            "GroupId",
          ],
        },
        "ToPort": 9000,
      },
      "Type": "AWS::EC2::SecurityGroupIngress",
    },
    "playgroundCODEnodesired455E3ED0": {
      "DependsOn": [
        "InstanceRoleNodesired2CBB5C37",
      ],
      "Properties": {
        "LaunchTemplateData": {
          "IamInstanceProfile": {
            "Arn": {
              "Fn::GetAtt": [
                "playgroundCODEnodesiredProfile71649833",
                "Arn",
              ],
            },
          },
          "ImageId": {
            "Ref": "AMINodesired",
          },
          "InstanceType": "t4g.micro",
          "MetadataOptions": {
            "HttpTokens": "required",
          },
          "SecurityGroupIds": [
            {
              "Fn::GetAtt": [
                "GuHttpsEgressSecurityGroupNodesired0D83B152",
                "GroupId",
              ],
            },
            {
              "Fn::GetAtt": [
                "WazuhSecurityGroup",
                "GroupId",
              ],
            },
          ],
          "TagSpecifications": [
            {
              "ResourceType": "instance",
              "Tags": [
                {
                  "Key": "App",
                  "Value": "no-desired",
                },
                {
                  "Key": "gu:cdk:version",
                  "Value": "TEST",
                },
                {
                  "Key": "gu:repo",
                  "Value": "guardian/testing-asg-rolling-update",
                },
                {
                  "Key": "Name",
                  "Value": "no-desired/playground-CODE-no-desired",
                },
                {
                  "Key": "Stack",
                  "Value": "playground",
                },
                {
                  "Key": "Stage",
                  "Value": "CODE",
                },
              ],
            },
            {
              "ResourceType": "volume",
              "Tags": [
                {
                  "Key": "App",
                  "Value": "no-desired",
                },
                {
                  "Key": "gu:cdk:version",
                  "Value": "TEST",
                },
                {
                  "Key": "gu:repo",
                  "Value": "guardian/testing-asg-rolling-update",
                },
                {
                  "Key": "Name",
                  "Value": "no-desired/playground-CODE-no-desired",
                },
                {
                  "Key": "Stack",
                  "Value": "playground",
                },
                {
                  "Key": "Stage",
                  "Value": "CODE",
                },
              ],
            },
          ],
          "UserData": {
            "Fn::Base64": {
              "Fn::Join": [
                "",
                [
                  "#!/bin/bash
function exitTrap(){
exitCode=$?

        cfn-signal --stack ",
                  {
                    "Ref": "AWS::StackId",
                  },
                  "           --resource AutoScalingGroupNodesiredASG5E3ACDE4           --region eu-west-1           --exit-code $exitCode || echo 'Failed to send Cloudformation Signal'
        
}
trap exitTrap EXIT
mkdir -p $(dirname '/no-desired/testing-asg-rolling-update_ABC.deb')
aws s3 cp 's3://",
                  {
                    "Ref": "DistributionBucketName",
                  },
                  "/playground/CODE/no-desired/testing-asg-rolling-update_ABC.deb' '/no-desired/testing-asg-rolling-update_ABC.deb'
dpkg -i /no-desired/testing-asg-rolling-update_ABC.deb
# GuEc2AppExperimental UserData Start

      INSTANCE_ID=$(ec2metadata --instance-id)

      STATE=$(aws elbv2 describe-target-health         --target-group-arn ",
                  {
                    "Ref": "TargetGroupNodesiredE8E894D4",
                  },
                  "         --region eu-west-1         --targets Id=$INSTANCE_ID,Port=9000         --query "TargetHealthDescriptions[0].TargetHealth.State")

      until [ "$STATE" == "\\"healthy\\"" ]; do
        echo "Instance not yet healthy within target group. Current state $STATE. Sleeping..."
        sleep 5
        STATE=$(aws elbv2 describe-target-health           --target-group-arn ",
                  {
                    "Ref": "TargetGroupNodesiredE8E894D4",
                  },
                  "           --region eu-west-1           --targets Id=$INSTANCE_ID,Port=9000           --query "TargetHealthDescriptions[0].TargetHealth.State")
      done

      echo "Instance is healthy in target group."
      
# GuEc2AppExperimental UserData End",
                ],
              ],
            },
          },
        },
        "TagSpecifications": [
          {
            "ResourceType": "launch-template",
            "Tags": [
              {
                "Key": "App",
                "Value": "no-desired",
              },
              {
                "Key": "gu:cdk:version",
                "Value": "TEST",
              },
              {
                "Key": "gu:repo",
                "Value": "guardian/testing-asg-rolling-update",
              },
              {
                "Key": "Name",
                "Value": "no-desired/playground-CODE-no-desired",
              },
              {
                "Key": "Stack",
                "Value": "playground",
              },
              {
                "Key": "Stage",
                "Value": "CODE",
              },
            ],
          },
        ],
      },
      "Type": "AWS::EC2::LaunchTemplate",
    },
    "playgroundCODEnodesiredProfile71649833": {
      "Properties": {
        "Roles": [
          {
            "Ref": "InstanceRoleNodesired2CBB5C37",
          },
        ],
      },
      "Type": "AWS::IAM::InstanceProfile",
    },
  },
}
`;
