// Jest Snapshot v1, https://goo.gl/fbAQLP

exports[`The TestingAsgRollingUpdate stack matches the snapshot 1`] = `
{
  "Metadata": {
    "gu:build:number": "TEST",
    "gu:build:sha": "TEST",
    "gu:cdk:constructs": [
      "GuVpcParameter",
      "GuSubnetListParameter",
      "GuSubnetListParameter",
      "GuPlayApp",
      "GuDistributionBucketParameter",
      "GuCertificate",
      "GuInstanceRole",
      "GuSsmSshPolicy",
      "GuDescribeEC2Policy",
      "GuLoggingStreamNameParameter",
      "GuLogShippingPolicy",
      "GuGetDistributablePolicy",
      "GuParameterStoreReadPolicy",
      "GuAmiParameter",
      "GuHttpsEgressSecurityGroup",
      "GuWazuhAccess",
      "GuAutoScalingGroup",
      "GuApplicationLoadBalancer",
      "GuApplicationTargetGroup",
      "GuHttpsApplicationListener",
      "GuCname",
    ],
    "gu:cdk:version": "TEST",
  },
  "Outputs": {
    "LoadBalancerTestingasgrollingupdateDnsName": {
      "Description": "DNS entry for LoadBalancerTestingasgrollingupdate",
      "Value": {
        "Fn::GetAtt": [
          "LoadBalancerTestingasgrollingupdate212393BE",
          "DNSName",
        ],
      },
    },
  },
  "Parameters": {
    "AMITestingasgrollingupdate": {
      "Description": "Amazon Machine Image ID for the app testing-asg-rolling-update. Use this in conjunction with AMIgo to keep AMIs up to date.",
      "Type": "AWS::EC2::Image::Id",
    },
    "DistributionBucketName": {
      "Default": "/account/services/artifact.bucket",
      "Description": "SSM parameter containing the S3 bucket name holding distribution artifacts",
      "Type": "AWS::SSM::Parameter::Value<String>",
    },
    "LoggingStreamName": {
      "Default": "/account/services/logging.stream.name",
      "Description": "SSM parameter containing the Name (not ARN) on the kinesis stream",
      "Type": "AWS::SSM::Parameter::Value<String>",
    },
    "VpcId": {
      "Default": "/account/vpc/primary/id",
      "Description": "Virtual Private Cloud to run EC2 instances within. Should NOT be the account default VPC.",
      "Type": "AWS::SSM::Parameter::Value<AWS::EC2::VPC::Id>",
    },
    "testingasgrollingupdatePrivateSubnets": {
      "Default": "/account/vpc/primary/subnets/private",
      "Description": "A list of private subnets",
      "Type": "AWS::SSM::Parameter::Value<List<AWS::EC2::Subnet::Id>>",
    },
    "testingasgrollingupdatePublicSubnets": {
      "Default": "/account/vpc/primary/subnets/public",
      "Description": "A list of public subnets",
      "Type": "AWS::SSM::Parameter::Value<List<AWS::EC2::Subnet::Id>>",
    },
  },
  "Resources": {
    "AutoScalingGroupTestingasgrollingupdateASGC3E6DA11": {
      "Properties": {
        "HealthCheckGracePeriod": 120,
        "HealthCheckType": "ELB",
        "LaunchTemplate": {
          "LaunchTemplateId": {
            "Ref": "playgroundTESTtestingasgrollingupdateB9EB0042",
          },
          "Version": {
            "Fn::GetAtt": [
              "playgroundTESTtestingasgrollingupdateB9EB0042",
              "LatestVersionNumber",
            ],
          },
        },
        "MaxSize": "2",
        "MetricsCollection": [
          {
            "Granularity": "1Minute",
            "Metrics": [
              "GroupTotalInstances",
              "GroupInServiceInstances",
            ],
          },
        ],
        "MinSize": "1",
        "Tags": [
          {
            "Key": "App",
            "PropagateAtLaunch": true,
            "Value": "testing-asg-rolling-update",
          },
          {
            "Key": "gu:build:number",
            "PropagateAtLaunch": true,
            "Value": "TEST",
          },
          {
            "Key": "gu:build:sha",
            "PropagateAtLaunch": true,
            "Value": "TEST",
          },
          {
            "Key": "gu:cdk:version",
            "PropagateAtLaunch": true,
            "Value": "TEST",
          },
          {
            "Key": "gu:repo",
            "PropagateAtLaunch": true,
            "Value": "guardian/testing-asg-rolling-update",
          },
          {
            "Key": "LogKinesisStreamName",
            "PropagateAtLaunch": true,
            "Value": {
              "Ref": "LoggingStreamName",
            },
          },
          {
            "Key": "Stack",
            "PropagateAtLaunch": true,
            "Value": "playground",
          },
          {
            "Key": "Stage",
            "PropagateAtLaunch": true,
            "Value": "TEST",
          },
          {
            "Key": "SystemdUnit",
            "PropagateAtLaunch": true,
            "Value": "testing-asg-rolling-update.service",
          },
        ],
        "TargetGroupARNs": [
          {
            "Ref": "TargetGroupTestingasgrollingupdateC5208046",
          },
        ],
        "VPCZoneIdentifier": {
          "Ref": "testingasgrollingupdatePrivateSubnets",
        },
      },
      "Type": "AWS::AutoScaling::AutoScalingGroup",
    },
    "CertificateTestingasgrollingupdateB9B60CB2": {
      "DeletionPolicy": "Retain",
      "Properties": {
        "DomainName": "testing-asg-rolling-update.code.dev-gutools.co.uk",
        "Tags": [
          {
            "Key": "App",
            "Value": "testing-asg-rolling-update",
          },
          {
            "Key": "gu:cdk:version",
            "Value": "TEST",
          },
          {
            "Key": "gu:repo",
            "Value": "guardian/testing-asg-rolling-update",
          },
          {
            "Key": "Name",
            "Value": "TestingAsgRollingUpdate/CertificateTestingasgrollingupdate",
          },
          {
            "Key": "Stack",
            "Value": "playground",
          },
          {
            "Key": "Stage",
            "Value": "TEST",
          },
        ],
        "ValidationMethod": "DNS",
      },
      "Type": "AWS::CertificateManager::Certificate",
      "UpdateReplacePolicy": "Retain",
    },
    "DNS": {
      "Properties": {
        "Name": "testing-asg-rolling-update.code.dev-gutools.co.uk",
        "RecordType": "CNAME",
        "ResourceRecords": [
          {
            "Fn::GetAtt": [
              "LoadBalancerTestingasgrollingupdate212393BE",
              "DNSName",
            ],
          },
        ],
        "Stage": "TEST",
        "TTL": 3600,
      },
      "Type": "Guardian::DNS::RecordSet",
    },
    "DescribeEC2PolicyFF5F9295": {
      "Properties": {
        "PolicyDocument": {
          "Statement": [
            {
              "Action": [
                "autoscaling:DescribeAutoScalingInstances",
                "autoscaling:DescribeAutoScalingGroups",
                "ec2:DescribeTags",
                "ec2:DescribeInstances",
              ],
              "Effect": "Allow",
              "Resource": "*",
            },
          ],
          "Version": "2012-10-17",
        },
        "PolicyName": "describe-ec2-policy",
        "Roles": [
          {
            "Ref": "InstanceRoleTestingasgrollingupdate9C94CB64",
          },
        ],
      },
      "Type": "AWS::IAM::Policy",
    },
    "GetDistributablePolicyTestingasgrollingupdate3CB66158": {
      "Properties": {
        "PolicyDocument": {
          "Statement": [
            {
              "Action": "s3:GetObject",
              "Effect": "Allow",
              "Resource": {
                "Fn::Join": [
                  "",
                  [
                    "arn:aws:s3:::",
                    {
                      "Ref": "DistributionBucketName",
                    },
                    "/playground/TEST/testing-asg-rolling-update/*",
                  ],
                ],
              },
            },
          ],
          "Version": "2012-10-17",
        },
        "PolicyName": "GetDistributablePolicyTestingasgrollingupdate3CB66158",
        "Roles": [
          {
            "Ref": "InstanceRoleTestingasgrollingupdate9C94CB64",
          },
        ],
      },
      "Type": "AWS::IAM::Policy",
    },
    "GuHttpsEgressSecurityGroupTestingasgrollingupdateED472AED": {
      "Properties": {
        "GroupDescription": "Allow all outbound HTTPS traffic",
        "SecurityGroupEgress": [
          {
            "CidrIp": "0.0.0.0/0",
            "Description": "Allow all outbound HTTPS traffic",
            "FromPort": 443,
            "IpProtocol": "tcp",
            "ToPort": 443,
          },
        ],
        "Tags": [
          {
            "Key": "App",
            "Value": "testing-asg-rolling-update",
          },
          {
            "Key": "gu:cdk:version",
            "Value": "TEST",
          },
          {
            "Key": "gu:repo",
            "Value": "guardian/testing-asg-rolling-update",
          },
          {
            "Key": "Stack",
            "Value": "playground",
          },
          {
            "Key": "Stage",
            "Value": "TEST",
          },
        ],
        "VpcId": {
          "Ref": "VpcId",
        },
      },
      "Type": "AWS::EC2::SecurityGroup",
    },
    "GuHttpsEgressSecurityGroupTestingasgrollingupdatefromTestingAsgRollingUpdateLoadBalancerTestingasgrollingupdateSecurityGroup9D377DE5900042685F96": {
      "Properties": {
        "Description": "Load balancer to target",
        "FromPort": 9000,
        "GroupId": {
          "Fn::GetAtt": [
            "GuHttpsEgressSecurityGroupTestingasgrollingupdateED472AED",
            "GroupId",
          ],
        },
        "IpProtocol": "tcp",
        "SourceSecurityGroupId": {
          "Fn::GetAtt": [
            "LoadBalancerTestingasgrollingupdateSecurityGroup0BF53591",
            "GroupId",
          ],
        },
        "ToPort": 9000,
      },
      "Type": "AWS::EC2::SecurityGroupIngress",
    },
    "GuLogShippingPolicy981BFE5A": {
      "Properties": {
        "PolicyDocument": {
          "Statement": [
            {
              "Action": [
                "kinesis:Describe*",
                "kinesis:Put*",
              ],
              "Effect": "Allow",
              "Resource": {
                "Fn::Join": [
                  "",
                  [
                    "arn:aws:kinesis:",
                    {
                      "Ref": "AWS::Region",
                    },
                    ":",
                    {
                      "Ref": "AWS::AccountId",
                    },
                    ":stream/",
                    {
                      "Ref": "LoggingStreamName",
                    },
                  ],
                ],
              },
            },
          ],
          "Version": "2012-10-17",
        },
        "PolicyName": "GuLogShippingPolicy981BFE5A",
        "Roles": [
          {
            "Ref": "InstanceRoleTestingasgrollingupdate9C94CB64",
          },
        ],
      },
      "Type": "AWS::IAM::Policy",
    },
    "InstanceRoleTestingasgrollingupdate9C94CB64": {
      "Properties": {
        "AssumeRolePolicyDocument": {
          "Statement": [
            {
              "Action": "sts:AssumeRole",
              "Effect": "Allow",
              "Principal": {
                "Service": "ec2.amazonaws.com",
              },
            },
          ],
          "Version": "2012-10-17",
        },
        "Path": "/",
        "Tags": [
          {
            "Key": "App",
            "Value": "testing-asg-rolling-update",
          },
          {
            "Key": "gu:cdk:version",
            "Value": "TEST",
          },
          {
            "Key": "gu:repo",
            "Value": "guardian/testing-asg-rolling-update",
          },
          {
            "Key": "Stack",
            "Value": "playground",
          },
          {
            "Key": "Stage",
            "Value": "TEST",
          },
        ],
      },
      "Type": "AWS::IAM::Role",
    },
    "ListenerTestingasgrollingupdate8E24502E": {
      "Properties": {
        "Certificates": [
          {
            "CertificateArn": {
              "Ref": "CertificateTestingasgrollingupdateB9B60CB2",
            },
          },
        ],
        "DefaultActions": [
          {
            "TargetGroupArn": {
              "Ref": "TargetGroupTestingasgrollingupdateC5208046",
            },
            "Type": "forward",
          },
        ],
        "LoadBalancerArn": {
          "Ref": "LoadBalancerTestingasgrollingupdate212393BE",
        },
        "Port": 443,
        "Protocol": "HTTPS",
        "SslPolicy": "ELBSecurityPolicy-TLS13-1-2-2021-06",
      },
      "Type": "AWS::ElasticLoadBalancingV2::Listener",
    },
    "LoadBalancerTestingasgrollingupdate212393BE": {
      "Properties": {
        "LoadBalancerAttributes": [
          {
            "Key": "deletion_protection.enabled",
            "Value": "true",
          },
          {
            "Key": "routing.http.x_amzn_tls_version_and_cipher_suite.enabled",
            "Value": "true",
          },
          {
            "Key": "routing.http.drop_invalid_header_fields.enabled",
            "Value": "true",
          },
        ],
        "Scheme": "internet-facing",
        "SecurityGroups": [
          {
            "Fn::GetAtt": [
              "LoadBalancerTestingasgrollingupdateSecurityGroup0BF53591",
              "GroupId",
            ],
          },
        ],
        "Subnets": {
          "Ref": "testingasgrollingupdatePublicSubnets",
        },
        "Tags": [
          {
            "Key": "App",
            "Value": "testing-asg-rolling-update",
          },
          {
            "Key": "gu:cdk:version",
            "Value": "TEST",
          },
          {
            "Key": "gu:repo",
            "Value": "guardian/testing-asg-rolling-update",
          },
          {
            "Key": "Stack",
            "Value": "playground",
          },
          {
            "Key": "Stage",
            "Value": "TEST",
          },
        ],
        "Type": "application",
      },
      "Type": "AWS::ElasticLoadBalancingV2::LoadBalancer",
    },
    "LoadBalancerTestingasgrollingupdateSecurityGroup0BF53591": {
      "Properties": {
        "GroupDescription": "Automatically created Security Group for ELB TestingAsgRollingUpdateLoadBalancerTestingasgrollingupdateC4CFEED1",
        "SecurityGroupIngress": [
          {
            "CidrIp": "0.0.0.0/0",
            "Description": "Allow from anyone on port 443",
            "FromPort": 443,
            "IpProtocol": "tcp",
            "ToPort": 443,
          },
        ],
        "Tags": [
          {
            "Key": "App",
            "Value": "testing-asg-rolling-update",
          },
          {
            "Key": "gu:cdk:version",
            "Value": "TEST",
          },
          {
            "Key": "gu:repo",
            "Value": "guardian/testing-asg-rolling-update",
          },
          {
            "Key": "Stack",
            "Value": "playground",
          },
          {
            "Key": "Stage",
            "Value": "TEST",
          },
        ],
        "VpcId": {
          "Ref": "VpcId",
        },
      },
      "Type": "AWS::EC2::SecurityGroup",
    },
    "LoadBalancerTestingasgrollingupdateSecurityGrouptoTestingAsgRollingUpdateGuHttpsEgressSecurityGroupTestingasgrollingupdate888239009000A705F88C": {
      "Properties": {
        "Description": "Load balancer to target",
        "DestinationSecurityGroupId": {
          "Fn::GetAtt": [
            "GuHttpsEgressSecurityGroupTestingasgrollingupdateED472AED",
            "GroupId",
          ],
        },
        "FromPort": 9000,
        "GroupId": {
          "Fn::GetAtt": [
            "LoadBalancerTestingasgrollingupdateSecurityGroup0BF53591",
            "GroupId",
          ],
        },
        "IpProtocol": "tcp",
        "ToPort": 9000,
      },
      "Type": "AWS::EC2::SecurityGroupEgress",
    },
    "LoadBalancerTestingasgrollingupdateSecurityGrouptoTestingAsgRollingUpdateWazuhSecurityGroup9264C8C09000D42E1AB6": {
      "Properties": {
        "Description": "Load balancer to target",
        "DestinationSecurityGroupId": {
          "Fn::GetAtt": [
            "WazuhSecurityGroup",
            "GroupId",
          ],
        },
        "FromPort": 9000,
        "GroupId": {
          "Fn::GetAtt": [
            "LoadBalancerTestingasgrollingupdateSecurityGroup0BF53591",
            "GroupId",
          ],
        },
        "IpProtocol": "tcp",
        "ToPort": 9000,
      },
      "Type": "AWS::EC2::SecurityGroupEgress",
    },
    "ParameterStoreReadTestingasgrollingupdate708BC63B": {
      "Properties": {
        "PolicyDocument": {
          "Statement": [
            {
              "Action": "ssm:GetParametersByPath",
              "Effect": "Allow",
              "Resource": {
                "Fn::Join": [
                  "",
                  [
                    "arn:aws:ssm:",
                    {
                      "Ref": "AWS::Region",
                    },
                    ":",
                    {
                      "Ref": "AWS::AccountId",
                    },
                    ":parameter/TEST/playground/testing-asg-rolling-update",
                  ],
                ],
              },
            },
            {
              "Action": [
                "ssm:GetParameters",
                "ssm:GetParameter",
              ],
              "Effect": "Allow",
              "Resource": {
                "Fn::Join": [
                  "",
                  [
                    "arn:aws:ssm:",
                    {
                      "Ref": "AWS::Region",
                    },
                    ":",
                    {
                      "Ref": "AWS::AccountId",
                    },
                    ":parameter/TEST/playground/testing-asg-rolling-update/*",
                  ],
                ],
              },
            },
          ],
          "Version": "2012-10-17",
        },
        "PolicyName": "parameter-store-read-policy",
        "Roles": [
          {
            "Ref": "InstanceRoleTestingasgrollingupdate9C94CB64",
          },
        ],
      },
      "Type": "AWS::IAM::Policy",
    },
    "SsmSshPolicy4CFC977E": {
      "Properties": {
        "PolicyDocument": {
          "Statement": [
            {
              "Action": [
                "ec2messages:AcknowledgeMessage",
                "ec2messages:DeleteMessage",
                "ec2messages:FailMessage",
                "ec2messages:GetEndpoint",
                "ec2messages:GetMessages",
                "ec2messages:SendReply",
                "ssm:UpdateInstanceInformation",
                "ssm:ListInstanceAssociations",
                "ssm:DescribeInstanceProperties",
                "ssm:DescribeDocumentParameters",
                "ssmmessages:CreateControlChannel",
                "ssmmessages:CreateDataChannel",
                "ssmmessages:OpenControlChannel",
                "ssmmessages:OpenDataChannel",
              ],
              "Effect": "Allow",
              "Resource": "*",
            },
          ],
          "Version": "2012-10-17",
        },
        "PolicyName": "ssm-ssh-policy",
        "Roles": [
          {
            "Ref": "InstanceRoleTestingasgrollingupdate9C94CB64",
          },
        ],
      },
      "Type": "AWS::IAM::Policy",
    },
    "TargetGroupTestingasgrollingupdateC5208046": {
      "Properties": {
        "HealthCheckIntervalSeconds": 10,
        "HealthCheckPath": "/healthcheck",
        "HealthCheckProtocol": "HTTP",
        "HealthCheckTimeoutSeconds": 5,
        "HealthyThresholdCount": 5,
        "Port": 9000,
        "Protocol": "HTTP",
        "Tags": [
          {
            "Key": "App",
            "Value": "testing-asg-rolling-update",
          },
          {
            "Key": "gu:cdk:version",
            "Value": "TEST",
          },
          {
            "Key": "gu:repo",
            "Value": "guardian/testing-asg-rolling-update",
          },
          {
            "Key": "Stack",
            "Value": "playground",
          },
          {
            "Key": "Stage",
            "Value": "TEST",
          },
        ],
        "TargetGroupAttributes": [
          {
            "Key": "deregistration_delay.timeout_seconds",
            "Value": "30",
          },
          {
            "Key": "stickiness.enabled",
            "Value": "false",
          },
        ],
        "TargetType": "instance",
        "UnhealthyThresholdCount": 2,
        "VpcId": {
          "Ref": "VpcId",
        },
      },
      "Type": "AWS::ElasticLoadBalancingV2::TargetGroup",
    },
    "WazuhSecurityGroup": {
      "Properties": {
        "GroupDescription": "Allow outbound traffic from wazuh agent to manager",
        "SecurityGroupEgress": [
          {
            "CidrIp": "0.0.0.0/0",
            "Description": "Wazuh event logging",
            "FromPort": 1514,
            "IpProtocol": "tcp",
            "ToPort": 1514,
          },
          {
            "CidrIp": "0.0.0.0/0",
            "Description": "Wazuh agent registration",
            "FromPort": 1515,
            "IpProtocol": "tcp",
            "ToPort": 1515,
          },
        ],
        "Tags": [
          {
            "Key": "gu:cdk:version",
            "Value": "TEST",
          },
          {
            "Key": "gu:repo",
            "Value": "guardian/testing-asg-rolling-update",
          },
          {
            "Key": "Stack",
            "Value": "playground",
          },
          {
            "Key": "Stage",
            "Value": "TEST",
          },
        ],
        "VpcId": {
          "Ref": "VpcId",
        },
      },
      "Type": "AWS::EC2::SecurityGroup",
    },
    "WazuhSecurityGroupfromTestingAsgRollingUpdateLoadBalancerTestingasgrollingupdateSecurityGroup9D377DE5900067E75A9F": {
      "Properties": {
        "Description": "Load balancer to target",
        "FromPort": 9000,
        "GroupId": {
          "Fn::GetAtt": [
            "WazuhSecurityGroup",
            "GroupId",
          ],
        },
        "IpProtocol": "tcp",
        "SourceSecurityGroupId": {
          "Fn::GetAtt": [
            "LoadBalancerTestingasgrollingupdateSecurityGroup0BF53591",
            "GroupId",
          ],
        },
        "ToPort": 9000,
      },
      "Type": "AWS::EC2::SecurityGroupIngress",
    },
    "playgroundTESTtestingasgrollingupdateB9EB0042": {
      "DependsOn": [
        "InstanceRoleTestingasgrollingupdate9C94CB64",
      ],
      "Properties": {
        "LaunchTemplateData": {
          "IamInstanceProfile": {
            "Arn": {
              "Fn::GetAtt": [
                "playgroundTESTtestingasgrollingupdateProfile1B677D15",
                "Arn",
              ],
            },
          },
          "ImageId": {
            "Ref": "AMITestingasgrollingupdate",
          },
          "InstanceType": "t4g.micro",
          "MetadataOptions": {
            "HttpTokens": "required",
          },
          "SecurityGroupIds": [
            {
              "Fn::GetAtt": [
                "GuHttpsEgressSecurityGroupTestingasgrollingupdateED472AED",
                "GroupId",
              ],
            },
            {
              "Fn::GetAtt": [
                "WazuhSecurityGroup",
                "GroupId",
              ],
            },
          ],
          "TagSpecifications": [
            {
              "ResourceType": "instance",
              "Tags": [
                {
                  "Key": "App",
                  "Value": "testing-asg-rolling-update",
                },
                {
                  "Key": "gu:cdk:version",
                  "Value": "TEST",
                },
                {
                  "Key": "gu:repo",
                  "Value": "guardian/testing-asg-rolling-update",
                },
                {
                  "Key": "Name",
                  "Value": "TestingAsgRollingUpdate/playground-TEST-testing-asg-rolling-update",
                },
                {
                  "Key": "Stack",
                  "Value": "playground",
                },
                {
                  "Key": "Stage",
                  "Value": "TEST",
                },
              ],
            },
            {
              "ResourceType": "volume",
              "Tags": [
                {
                  "Key": "App",
                  "Value": "testing-asg-rolling-update",
                },
                {
                  "Key": "gu:cdk:version",
                  "Value": "TEST",
                },
                {
                  "Key": "gu:repo",
                  "Value": "guardian/testing-asg-rolling-update",
                },
                {
                  "Key": "Name",
                  "Value": "TestingAsgRollingUpdate/playground-TEST-testing-asg-rolling-update",
                },
                {
                  "Key": "Stack",
                  "Value": "playground",
                },
                {
                  "Key": "Stage",
                  "Value": "TEST",
                },
              ],
            },
          ],
          "UserData": {
            "Fn::Base64": {
              "Fn::Join": [
                "",
                [
                  "#!/bin/bash
mkdir -p $(dirname '/testing-asg-rolling-update/testing-asg-rolling-update_ABC.deb')
aws s3 cp 's3://",
                  {
                    "Ref": "DistributionBucketName",
                  },
                  "/playground/TEST/testing-asg-rolling-update/testing-asg-rolling-update_ABC.deb' '/testing-asg-rolling-update/testing-asg-rolling-update_ABC.deb'
dpkg -i /testing-asg-rolling-update/testing-asg-rolling-update_ABC.deb",
                ],
              ],
            },
          },
        },
        "TagSpecifications": [
          {
            "ResourceType": "launch-template",
            "Tags": [
              {
                "Key": "App",
                "Value": "testing-asg-rolling-update",
              },
              {
                "Key": "gu:cdk:version",
                "Value": "TEST",
              },
              {
                "Key": "gu:repo",
                "Value": "guardian/testing-asg-rolling-update",
              },
              {
                "Key": "Name",
                "Value": "TestingAsgRollingUpdate/playground-TEST-testing-asg-rolling-update",
              },
              {
                "Key": "Stack",
                "Value": "playground",
              },
              {
                "Key": "Stage",
                "Value": "TEST",
              },
            ],
          },
        ],
      },
      "Type": "AWS::EC2::LaunchTemplate",
    },
    "playgroundTESTtestingasgrollingupdateProfile1B677D15": {
      "Properties": {
        "Roles": [
          {
            "Ref": "InstanceRoleTestingasgrollingupdate9C94CB64",
          },
        ],
      },
      "Type": "AWS::IAM::InstanceProfile",
    },
  },
}
`;
